[14:00:12] [Server thread/INFO]: Starting minecraft server version 1.7.10
[14:00:13] [Server thread/INFO]: Loading properties
[14:00:13] [Server thread/INFO]: Default game type: SURVIVAL
[14:00:13] [Server thread/INFO]: Generating keypair
[14:00:13] [Server thread/INFO]: Starting Minecraft server on *:25565
[14:00:13] [Server thread/WARN]: **** SERVER IS RUNNING IN OFFLINE/INSECURE MODE!
[14:00:13] [Server thread/WARN]: The server will make no attempt to authenticate usernames. Beware.
[14:00:13] [Server thread/WARN]: While this makes the game possible to play without internet access, it also opens up the ability for hackers to connect with any username they choose.
[14:00:13] [Server thread/WARN]: To change this, set "online-mode" to "true" in the server.properties file.
[14:00:13] [Server thread/WARN]: Failed to load user banlist: 
java.io.FileNotFoundException: banned-players.json (No such file or directory)
	at java.io.FileInputStream.open0(Native Method) ~[?:1.8.0_462]
	at java.io.FileInputStream.open(FileInputStream.java:195) ~[?:1.8.0_462]
	at java.io.FileInputStream.<init>(FileInputStream.java:138) ~[?:1.8.0_462]
	at com.google.common.io.Files.newReader(Files.java:86) ~[guava-17.0.jar:?]
	at net.minecraft.server.management.UserList.func_152679_g(SourceFile:124) ~[om.class:?]
	at net.minecraft.server.dedicated.DedicatedPlayerList.func_152620_y(SourceFile:99) [ls.class:?]
	at net.minecraft.server.dedicated.DedicatedPlayerList.<init>(SourceFile:25) [ls.class:?]
	at net.minecraft.server.dedicated.DedicatedServer.func_71197_b(DedicatedServer.java:211) [lt.class:?]
	at net.minecraft.server.MinecraftServer.run(MinecraftServer.java:387) [MinecraftServer.class:?]
	at net.minecraft.server.MinecraftServer$2.run(MinecraftServer.java:685) [li.class:?]
[14:00:13] [Server thread/WARN]: Failed to load ip banlist: 
java.io.FileNotFoundException: banned-ips.json (No such file or directory)
	at java.io.FileInputStream.open0(Native Method) ~[?:1.8.0_462]
	at java.io.FileInputStream.open(FileInputStream.java:195) ~[?:1.8.0_462]
	at java.io.FileInputStream.<init>(FileInputStream.java:138) ~[?:1.8.0_462]
	at com.google.common.io.Files.newReader(Files.java:86) ~[guava-17.0.jar:?]
	at net.minecraft.server.management.UserList.func_152679_g(SourceFile:124) ~[om.class:?]
	at net.minecraft.server.dedicated.DedicatedPlayerList.func_152619_x(SourceFile:91) [ls.class:?]
	at net.minecraft.server.dedicated.DedicatedPlayerList.<init>(SourceFile:27) [ls.class:?]
	at net.minecraft.server.dedicated.DedicatedServer.func_71197_b(DedicatedServer.java:211) [lt.class:?]
	at net.minecraft.server.MinecraftServer.run(MinecraftServer.java:387) [MinecraftServer.class:?]
	at net.minecraft.server.MinecraftServer$2.run(MinecraftServer.java:685) [li.class:?]
[14:00:13] [Server thread/WARN]: Failed to load operators list: 
java.io.FileNotFoundException: ops.json (No such file or directory)
	at java.io.FileInputStream.open0(Native Method) ~[?:1.8.0_462]
	at java.io.FileInputStream.open(FileInputStream.java:195) ~[?:1.8.0_462]
	at java.io.FileInputStream.<init>(FileInputStream.java:138) ~[?:1.8.0_462]
	at com.google.common.io.Files.newReader(Files.java:86) ~[guava-17.0.jar:?]
	at net.minecraft.server.management.UserList.func_152679_g(SourceFile:124) ~[om.class:?]
	at net.minecraft.server.dedicated.DedicatedPlayerList.func_72417_t(SourceFile:107) [ls.class:?]
	at net.minecraft.server.dedicated.DedicatedPlayerList.<init>(SourceFile:29) [ls.class:?]
	at net.minecraft.server.dedicated.DedicatedServer.func_71197_b(DedicatedServer.java:211) [lt.class:?]
	at net.minecraft.server.MinecraftServer.run(MinecraftServer.java:387) [MinecraftServer.class:?]
	at net.minecraft.server.MinecraftServer$2.run(MinecraftServer.java:685) [li.class:?]
[14:00:13] [Server thread/WARN]: Failed to load white-list: 
java.io.FileNotFoundException: whitelist.json (No such file or directory)
	at java.io.FileInputStream.open0(Native Method) ~[?:1.8.0_462]
	at java.io.FileInputStream.open(FileInputStream.java:195) ~[?:1.8.0_462]
	at java.io.FileInputStream.<init>(FileInputStream.java:138) ~[?:1.8.0_462]
	at com.google.common.io.Files.newReader(Files.java:86) ~[guava-17.0.jar:?]
	at net.minecraft.server.management.UserList.func_152679_g(SourceFile:124) ~[om.class:?]
	at net.minecraft.server.dedicated.DedicatedPlayerList.func_72418_v(SourceFile:123) [ls.class:?]
	at net.minecraft.server.dedicated.DedicatedPlayerList.<init>(SourceFile:30) [ls.class:?]
	at net.minecraft.server.dedicated.DedicatedServer.func_71197_b(DedicatedServer.java:211) [lt.class:?]
	at net.minecraft.server.MinecraftServer.run(MinecraftServer.java:387) [MinecraftServer.class:?]
	at net.minecraft.server.MinecraftServer$2.run(MinecraftServer.java:685) [li.class:?]
[14:00:13] [Server thread/INFO]: Preparing level "world"
[14:00:14] [Server thread/INFO]: Preparing start region for level 0
[14:00:15] [Server thread/INFO]: Preparing spawn area: 6%
[14:00:16] [Server thread/INFO]: Preparing spawn area: 15%
[14:00:17] [Server thread/INFO]: Preparing spawn area: 25%
[14:00:18] [Server thread/INFO]: Preparing spawn area: 39%
[14:00:19] [Server thread/INFO]: Preparing spawn area: 54%
[14:00:20] [Server thread/INFO]: Preparing spawn area: 70%
[14:00:21] [Server thread/INFO]: Preparing spawn area: 87%
[14:00:22] [Server thread/INFO]: Done (8.169s)! For help, type "help" or "?"
[14:02:57] [Server thread/INFO]: Stopping the server
[14:02:57] [Server thread/INFO]: Stopping server
[14:02:57] [Server thread/INFO]: Saving players
[14:02:57] [Server thread/INFO]: Saving worlds
[14:02:57] [Server thread/INFO]: Saving chunks for level 'world'/Overworld
[14:02:57] [Server thread/INFO]: Saving chunks for level 'world'/Nether
[14:02:57] [Server thread/INFO]: Saving chunks for level 'world'/The End
